Fetching weather for Chennai...
Fetching weather for Bengaluru...
Fetching weather for Hyderabad...
Fetching weather for Mumbai...
Fetching weather for Delhi...
Fetching weather for Kolkata...
Fetching weather for Pune...
Fetching weather for Ahmedabad...
3264 hourly records loaded successfully.
Current weather loaded successfully.
Current weather loaded successfully.
Current weather loaded successfully.
Current weather loaded successfully.
Current weather loaded successfully.
Current weather loaded successfully.
Current weather loaded successfully.
Current weather loaded successfully.
ETL pipeline completed successfully.
Fetching weather for Chennai...
Fetching weather for Bengaluru...
Fetching weather for Hyderabad...
Fetching weather for Mumbai...
Fetching weather for Delhi...
Fetching weather for Kolkata...
Fetching weather for Pune...
Fetching weather for Ahmedabad...
3264 hourly records loaded successfully.
Current weather loaded successfully.
Current weather loaded successfully.
Current weather loaded successfully.
Current weather loaded successfully.
Current weather loaded successfully.
Current weather loaded successfully.
Current weather loaded successfully.
Current weather loaded successfully.
ETL pipeline completed successfully.
Fetching weather for Chennai...
Fetching weather for Bengaluru...
Fetching weather for Hyderabad...
Fetching weather for Mumbai...
Fetching weather for Delhi...
Fetching weather for Kolkata...
Fetching weather for Pune...
Fetching weather for Ahmedabad...
3264 hourly records loaded successfully.
Current weather loaded successfully.
Current weather loaded successfully.
Current weather loaded successfully.
Current weather loaded successfully.
Current weather loaded successfully.
Current weather loaded successfully.
Current weather loaded successfully.
Current weather loaded successfully.
ETL pipeline completed successfully.
Fetching weather for Chennai...
Fetching weather for Bengaluru...
Fetching weather for Hyderabad...
Fetching weather for Mumbai...
Fetching weather for Delhi...
Fetching weather for Kolkata...
Fetching weather for Pune...
Fetching weather for Ahmedabad...
3264 hourly records loaded successfully.
Current weather loaded successfully.
Current weather loaded successfully.
Current weather loaded successfully.
Current weather loaded successfully.
Current weather loaded successfully.
Current weather loaded successfully.
Current weather loaded successfully.
Current weather loaded successfully.
ETL pipeline completed successfully.
Fetching weather for Chennai...
Fetching weather for Bengaluru...
Fetching weather for Hyderabad...
Fetching weather for Mumbai...
Fetching weather for Delhi...
Fetching weather for Kolkata...
Fetching weather for Pune...
Fetching weather for Ahmedabad...
3264 hourly records loaded successfully.
Current weather loaded successfully.
Current weather loaded successfully.
Current weather loaded successfully.
Current weather loaded successfully.
Current weather loaded successfully.
Current weather loaded successfully.
Current weather loaded successfully.
Current weather loaded successfully.
ETL pipeline completed successfully.
Fetching weather for Chennai...
Fetching weather for Bengaluru...
Fetching weather for Hyderabad...
Fetching weather for Mumbai...
Fetching weather for Delhi...
Fetching weather for Kolkata...
Fetching weather for Pune...
Fetching weather for Ahmedabad...
3264 hourly records loaded successfully.
Current weather loaded successfully.
Current weather loaded successfully.
Current weather loaded successfully.
Current weather loaded successfully.
Current weather loaded successfully.
Current weather loaded successfully.
Current weather loaded successfully.
Current weather loaded successfully.
ETL pipeline completed successfully.
Fetching weather for Chennai...
Fetching weather for Bengaluru...
Fetching weather for Hyderabad...
Fetching weather for Mumbai...
Fetching weather for Delhi...
Fetching weather for Kolkata...
Fetching weather for Pune...
Fetching weather for Ahmedabad...
3264 hourly records loaded successfully.
Current weather loaded successfully.
Current weather loaded successfully.
Current weather loaded successfully.
Current weather loaded successfully.
Current weather loaded successfully.
Current weather loaded successfully.
Current weather loaded successfully.
Current weather loaded successfully.
ETL pipeline completed successfully.
Fetching weather for Chennai...
Fetching weather for Bengaluru...
Fetching weather for Hyderabad...
Fetching weather for Mumbai...
Fetching weather for Delhi...
Fetching weather for Kolkata...
Fetching weather for Pune...
Fetching weather for Ahmedabad...
3264 hourly records loaded successfully.
Current weather loaded successfully.
Current weather loaded successfully.
Current weather loaded successfully.
Current weather loaded successfully.
Current weather loaded successfully.
Current weather loaded successfully.
Current weather loaded successfully.
Current weather loaded successfully.
ETL pipeline completed successfully.
Fetching weather for Chennai...
Fetching weather for Bengaluru...
Fetching weather for Hyderabad...
Fetching weather for Mumbai...
Fetching weather for Delhi...
Fetching weather for Kolkata...
Fetching weather for Pune...
Fetching weather for Ahmedabad...
3264 hourly records loaded successfully.
Current weather loaded successfully.
Current weather loaded successfully.
Current weather loaded successfully.
Current weather loaded successfully.
Current weather loaded successfully.
Current weather loaded successfully.
Current weather loaded successfully.
Current weather loaded successfully.
ETL pipeline completed successfully.
Fetching weather for Chennai...
Fetching weather for Bengaluru...
Fetching weather for Hyderabad...
Fetching weather for Mumbai...
Fetching weather for Delhi...
Fetching weather for Kolkata...
Fetching weather for Pune...
Fetching weather for Ahmedabad...
3264 hourly records loaded successfully.
Current weather loaded successfully.
Current weather loaded successfully.
Current weather loaded successfully.
Current weather loaded successfully.
Current weather loaded successfully.
Current weather loaded successfully.
Current weather loaded successfully.
Current weather loaded successfully.
ETL pipeline completed successfully.
Fetching weather for Chennai...
Fetching weather for Bengaluru...
Fetching weather for Hyderabad...
Fetching weather for Mumbai...
Fetching weather for Delhi...
Fetching weather for Kolkata...
Fetching weather for Pune...
Fetching weather for Ahmedabad...
3264 hourly records loaded successfully.
Current weather loaded successfully.
Current weather loaded successfully.
Current weather loaded successfully.
Current weather loaded successfully.
Current weather loaded successfully.
Current weather loaded successfully.
Current weather loaded successfully.
Current weather loaded successfully.
ETL pipeline completed successfully.
Fetching weather for Chennai...
Fetching weather for Bengaluru...
Fetching weather for Hyderabad...
Fetching weather for Mumbai...
Fetching weather for Delhi...
Fetching weather for Kolkata...
Fetching weather for Pune...
Fetching weather for Ahmedabad...
3264 hourly records loaded successfully.
Current weather loaded successfully.
Current weather loaded successfully.
Current weather loaded successfully.
Current weather loaded successfully.
Current weather loaded successfully.
Current weather loaded successfully.
Current weather loaded successfully.
Current weather loaded successfully.
ETL pipeline completed successfully.
Fetching weather for Chennai...
Fetching weather for Bengaluru...
Fetching weather for Hyderabad...
Fetching weather for Mumbai...
Fetching weather for Delhi...
Fetching weather for Kolkata...
Fetching weather for Pune...
Fetching weather for Ahmedabad...
3264 hourly records loaded successfully.
Current weather loaded successfully.
Current weather loaded successfully.
Current weather loaded successfully.
Current weather loaded successfully.
Current weather loaded successfully.
Current weather loaded successfully.
Current weather loaded successfully.
Current weather loaded successfully.
ETL pipeline completed successfully.
Fetching weather for Chennai...
Fetching weather for Bengaluru...
Fetching weather for Hyderabad...
Fetching weather for Mumbai...
Fetching weather for Delhi...
Fetching weather for Kolkata...
Fetching weather for Pune...
Fetching weather for Ahmedabad...
3264 hourly records loaded successfully.
Current weather loaded successfully.
Current weather loaded successfully.
Current weather loaded successfully.
Current weather loaded successfully.
Current weather loaded successfully.
Current weather loaded successfully.
Current weather loaded successfully.
Current weather loaded successfully.
ETL pipeline completed successfully.
Fetching weather for Chennai...
Fetching weather for Bengaluru...
Fetching weather for Hyderabad...
Fetching weather for Mumbai...
Fetching weather for Delhi...
Fetching weather for Kolkata...
Fetching weather for Pune...
Fetching weather for Ahmedabad...
3264 hourly records loaded successfully.
Current weather loaded successfully.
Current weather loaded successfully.
Current weather loaded successfully.
Current weather loaded successfully.
Current weather loaded successfully.
Current weather loaded successfully.
Current weather loaded successfully.
Current weather loaded successfully.
ETL pipeline completed successfully.
Fetching weather for Chennai...
ETL pipeline failed: HTTPSConnectionPool(host='api.open-meteo.com', port=443): Max retries exceeded with url: /v1/forecast?latitude=13.110721&longitude=80.245900&current=temperature_2m%2Crelative_humidity_2m%2Cwind_speed_10m&hourly=temperature_2m%2Crelative_humidity_2m%2Cwind_speed_10m&past_days=10 (Caused by NameResolutionError("HTTPSConnection(host='api.open-meteo.com', port=443): Failed to resolve 'api.open-meteo.com' ([Errno -3] Temporary failure in name resolution)"))
Traceback (most recent call last):
  File "/home/gajapathimugunda/Desktop/test-git/database-session/project1/GajapathiRao/backend/.venv/lib/python3.12/site-packages/urllib3/connection.py", line 204, in _new_conn
    sock = connection.create_connection(
           ^^^^^^^^^^^^^^^^^^^^^^^^^^^^^
  File "/home/gajapathimugunda/Desktop/test-git/database-session/project1/GajapathiRao/backend/.venv/lib/python3.12/site-packages/urllib3/util/connection.py", line 60, in create_connection
    for res in socket.getaddrinfo(host, port, family, socket.SOCK_STREAM):
               ^^^^^^^^^^^^^^^^^^^^^^^^^^^^^^^^^^^^^^^^^^^^^^^^^^^^^^^^^^
  File "/usr/lib/python3.12/socket.py", line 963, in getaddrinfo
    for res in _socket.getaddrinfo(host, port, family, type, proto, flags):
               ^^^^^^^^^^^^^^^^^^^^^^^^^^^^^^^^^^^^^^^^^^^^^^^^^^^^^^^^^^^
socket.gaierror: [Errno -3] Temporary failure in name resolution

The above exception was the direct cause of the following exception:

Traceback (most recent call last):
  File "/home/gajapathimugunda/Desktop/test-git/database-session/project1/GajapathiRao/backend/.venv/lib/python3.12/site-packages/urllib3/connectionpool.py", line 788, in urlopen
    response = self._make_request(
               ^^^^^^^^^^^^^^^^^^^
  File "/home/gajapathimugunda/Desktop/test-git/database-session/project1/GajapathiRao/backend/.venv/lib/python3.12/site-packages/urllib3/connectionpool.py", line 488, in _make_request
    raise new_e
  File "/home/gajapathimugunda/Desktop/test-git/database-session/project1/GajapathiRao/backend/.venv/lib/python3.12/site-packages/urllib3/connectionpool.py", line 464, in _make_request
    self._validate_conn(conn)
  File "/home/gajapathimugunda/Desktop/test-git/database-session/project1/GajapathiRao/backend/.venv/lib/python3.12/site-packages/urllib3/connectionpool.py", line 1106, in _validate_conn
    conn.connect()
  File "/home/gajapathimugunda/Desktop/test-git/database-session/project1/GajapathiRao/backend/.venv/lib/python3.12/site-packages/urllib3/connection.py", line 759, in connect
    self.sock = sock = self._new_conn()
                       ^^^^^^^^^^^^^^^^
  File "/home/gajapathimugunda/Desktop/test-git/database-session/project1/GajapathiRao/backend/.venv/lib/python3.12/site-packages/urllib3/connection.py", line 211, in _new_conn
    raise NameResolutionError(self.host, self, e) from e
urllib3.exceptions.NameResolutionError: HTTPSConnection(host='api.open-meteo.com', port=443): Failed to resolve 'api.open-meteo.com' ([Errno -3] Temporary failure in name resolution)

The above exception was the direct cause of the following exception:

Traceback (most recent call last):
  File "/home/gajapathimugunda/Desktop/test-git/database-session/project1/GajapathiRao/backend/.venv/lib/python3.12/site-packages/requests/adapters.py", line 696, in send
    resp = conn.urlopen(
           ^^^^^^^^^^^^^
  File "/home/gajapathimugunda/Desktop/test-git/database-session/project1/GajapathiRao/backend/.venv/lib/python3.12/site-packages/urllib3/connectionpool.py", line 842, in urlopen
    retries = retries.increment(
              ^^^^^^^^^^^^^^^^^^
  File "/home/gajapathimugunda/Desktop/test-git/database-session/project1/GajapathiRao/backend/.venv/lib/python3.12/site-packages/urllib3/util/retry.py", line 543, in increment
    raise MaxRetryError(_pool, url, reason) from reason  # type: ignore[arg-type]
    ^^^^^^^^^^^^^^^^^^^^^^^^^^^^^^^^^^^^^^^^^^^^^^^^^^^
urllib3.exceptions.MaxRetryError: HTTPSConnectionPool(host='api.open-meteo.com', port=443): Max retries exceeded with url: /v1/forecast?latitude=13.110721&longitude=80.245900&current=temperature_2m%2Crelative_humidity_2m%2Cwind_speed_10m&hourly=temperature_2m%2Crelative_humidity_2m%2Cwind_speed_10m&past_days=10 (Caused by NameResolutionError("HTTPSConnection(host='api.open-meteo.com', port=443): Failed to resolve 'api.open-meteo.com' ([Errno -3] Temporary failure in name resolution)"))

During handling of the above exception, another exception occurred:

Traceback (most recent call last):
  File "/home/gajapathimugunda/Desktop/test-git/database-session/project1/GajapathiRao/backend/ETL/load.py", line 263, in <module>
    results = fetch_weather_for_all_locations()
              ^^^^^^^^^^^^^^^^^^^^^^^^^^^^^^^^^
  File "/home/gajapathimugunda/Desktop/test-git/database-session/project1/GajapathiRao/backend/ETL/extract.py", line 80, in fetch_weather_for_all_locations
    data = fetch_weather(
           ^^^^^^^^^^^^^^
  File "/home/gajapathimugunda/Desktop/test-git/database-session/project1/GajapathiRao/backend/ETL/extract.py", line 17, in fetch_weather
    response = requests.get(
               ^^^^^^^^^^^^^
  File "/home/gajapathimugunda/Desktop/test-git/database-session/project1/GajapathiRao/backend/.venv/lib/python3.12/site-packages/requests/api.py", line 87, in get
    return request("get", url, params=params, **kwargs)
           ^^^^^^^^^^^^^^^^^^^^^^^^^^^^^^^^^^^^^^^^^^^^
  File "/home/gajapathimugunda/Desktop/test-git/database-session/project1/GajapathiRao/backend/.venv/lib/python3.12/site-packages/requests/api.py", line 71, in request
    return session.request(method=method, url=url, **kwargs)
           ^^^^^^^^^^^^^^^^^^^^^^^^^^^^^^^^^^^^^^^^^^^^^^^^^
  File "/home/gajapathimugunda/Desktop/test-git/database-session/project1/GajapathiRao/backend/.venv/lib/python3.12/site-packages/requests/sessions.py", line 651, in request
    resp = self.send(prep, **send_kwargs)
           ^^^^^^^^^^^^^^^^^^^^^^^^^^^^^^
  File "/home/gajapathimugunda/Desktop/test-git/database-session/project1/GajapathiRao/backend/.venv/lib/python3.12/site-packages/requests/sessions.py", line 784, in send
    r = adapter.send(request, **kwargs)
        ^^^^^^^^^^^^^^^^^^^^^^^^^^^^^^^
  File "/home/gajapathimugunda/Desktop/test-git/database-session/project1/GajapathiRao/backend/.venv/lib/python3.12/site-packages/requests/adapters.py", line 729, in send
    raise ConnectionError(e, request=request)
requests.exceptions.ConnectionError: HTTPSConnectionPool(host='api.open-meteo.com', port=443): Max retries exceeded with url: /v1/forecast?latitude=13.110721&longitude=80.245900&current=temperature_2m%2Crelative_humidity_2m%2Cwind_speed_10m&hourly=temperature_2m%2Crelative_humidity_2m%2Cwind_speed_10m&past_days=10 (Caused by NameResolutionError("HTTPSConnection(host='api.open-meteo.com', port=443): Failed to resolve 'api.open-meteo.com' ([Errno -3] Temporary failure in name resolution)"))
Fetching weather for Chennai...
Fetching weather for Bengaluru...
Fetching weather for Hyderabad...
Fetching weather for Mumbai...
Fetching weather for Delhi...
Fetching weather for Kolkata...
Fetching weather for Pune...
Fetching weather for Ahmedabad...
3264 hourly records loaded successfully.
Current weather loaded successfully.
Current weather loaded successfully.
Current weather loaded successfully.
Current weather loaded successfully.
Current weather loaded successfully.
Current weather loaded successfully.
Current weather loaded successfully.
Current weather loaded successfully.
ETL pipeline completed successfully.
Fetching weather for Chennai...
Fetching weather for Bengaluru...
Fetching weather for Hyderabad...
Fetching weather for Mumbai...
Fetching weather for Delhi...
Fetching weather for Kolkata...
Fetching weather for Pune...
Fetching weather for Ahmedabad...
3264 hourly records loaded successfully.
Current weather loaded successfully.
Current weather loaded successfully.
Current weather loaded successfully.
Current weather loaded successfully.
Current weather loaded successfully.
Current weather loaded successfully.
Current weather loaded successfully.
Current weather loaded successfully.
ETL pipeline completed successfully.
Fetching weather for Chennai...
Fetching weather for Bengaluru...
Fetching weather for Hyderabad...
Fetching weather for Mumbai...
Fetching weather for Delhi...
Fetching weather for Kolkata...
Fetching weather for Pune...
Fetching weather for Ahmedabad...
3264 hourly records loaded successfully.
Current weather loaded successfully.
Current weather loaded successfully.
Current weather loaded successfully.
Current weather loaded successfully.
Current weather loaded successfully.
Current weather loaded successfully.
Current weather loaded successfully.
Current weather loaded successfully.
ETL pipeline completed successfully.
