Connection successful.
Connection successful.
168 hourly records loaded successfully.
Connection successful.
Current weather loaded successfully.
ETL pipeline completed successfully.
Connection successful.
Connection successful.
168 hourly records loaded successfully.
Connection successful.
Current weather loaded successfully.
ETL pipeline completed successfully.
Connection successful.
Connection successful.
408 hourly records loaded successfully.
Connection successful.
Current weather loaded successfully.
ETL pipeline completed successfully.
Connection successful.
Connection successful.
Fetching weather for Chennai...
Fetching weather for Bengaluru...
Fetching weather for Hyderabad...
Fetching weather for Mumbai...
Fetching weather for Delhi...
Fetching weather for Kolkata...
Fetching weather for Pune...
Fetching weather for Ahmedabad...
Connection successful.
3264 hourly records loaded successfully.
Connection successful.
Current weather loaded successfully.
Connection successful.
Current weather loaded successfully.
Connection successful.
Current weather loaded successfully.
Connection successful.
Current weather loaded successfully.
Connection successful.
Current weather loaded successfully.
Connection successful.
Current weather loaded successfully.
Connection successful.
Current weather loaded successfully.
Connection successful.
Current weather loaded successfully.
ETL pipeline completed successfully.
Connection successful.
Connection successful.
Fetching weather for Chennai...
Fetching weather for Bengaluru...
Fetching weather for Hyderabad...
Fetching weather for Mumbai...
Fetching weather for Delhi...
Fetching weather for Kolkata...
Fetching weather for Pune...
Fetching weather for Ahmedabad...
Connection successful.
3264 hourly records loaded successfully.
Connection successful.
Current weather loaded successfully.
Connection successful.
Current weather loaded successfully.
Connection successful.
Current weather loaded successfully.
Connection successful.
Current weather loaded successfully.
Connection successful.
Current weather loaded successfully.
Connection successful.
Current weather loaded successfully.
Connection successful.
Current weather loaded successfully.
Connection successful.
Current weather loaded successfully.
ETL pipeline completed successfully.
Connection successful.
Connection successful.
Fetching weather for Chennai...
Fetching weather for Bengaluru...
Fetching weather for Hyderabad...
Fetching weather for Mumbai...
Fetching weather for Delhi...
Fetching weather for Kolkata...
Fetching weather for Pune...
Fetching weather for Ahmedabad...
Connection successful.
3264 hourly records loaded successfully.
Connection successful.
Current weather loaded successfully.
Connection successful.
Current weather loaded successfully.
Connection successful.
Current weather loaded successfully.
Connection successful.
Current weather loaded successfully.
Connection successful.
Current weather loaded successfully.
Connection successful.
Current weather loaded successfully.
Connection successful.
Current weather loaded successfully.
Connection successful.
Current weather loaded successfully.
ETL pipeline completed successfully.
Connection successful.
Connection successful.
Fetching weather for Chennai...
Fetching weather for Bengaluru...
Fetching weather for Hyderabad...
Fetching weather for Mumbai...
Fetching weather for Delhi...
Fetching weather for Kolkata...
Fetching weather for Pune...
Fetching weather for Ahmedabad...
Connection successful.
3264 hourly records loaded successfully.
Connection successful.
Current weather loaded successfully.
Connection successful.
Current weather loaded successfully.
Connection successful.
Current weather loaded successfully.
Connection successful.
Current weather loaded successfully.
Connection successful.
Current weather loaded successfully.
Connection successful.
Current weather loaded successfully.
Connection successful.
Current weather loaded successfully.
Connection successful.
Current weather loaded successfully.
ETL pipeline completed successfully.
Connection successful.
Connection successful.
Fetching weather for Chennai...
Fetching weather for Bengaluru...
Fetching weather for Hyderabad...
Fetching weather for Mumbai...
Fetching weather for Delhi...
Fetching weather for Kolkata...
Fetching weather for Pune...
Fetching weather for Ahmedabad...
Connection successful.
3264 hourly records loaded successfully.
Connection successful.
Current weather loaded successfully.
Connection successful.
Current weather loaded successfully.
Connection successful.
Current weather loaded successfully.
Connection successful.
Current weather loaded successfully.
Connection successful.
Current weather loaded successfully.
Connection successful.
Current weather loaded successfully.
Connection successful.
Current weather loaded successfully.
Connection successful.
Current weather loaded successfully.
Current + hourly ETL completed successfully.
Loading historical data for Chennai...
Connection successful.
8760 historical records loaded successfully.
Loading historical data for Bengaluru...
Connection successful.
8760 historical records loaded successfully.
Loading historical data for Hyderabad...
Connection successful.
8760 historical records loaded successfully.
Loading historical data for Mumbai...
Connection successful.
8760 historical records loaded successfully.
Loading historical data for Delhi...
Connection successful.
8760 historical records loaded successfully.
Loading historical data for Kolkata...
Connection successful.
8760 historical records loaded successfully.
Loading historical data for Pune...
Connection successful.
8760 historical records loaded successfully.
Loading historical data for Ahmedabad...
Connection successful.
8760 historical records loaded successfully.
Historical ETL completed successfully.
Connection successful.
Connection successful.
Fetching weather for Chennai...
Fetching weather for Bengaluru...
Fetching weather for Hyderabad...
Fetching weather for Mumbai...
Fetching weather for Delhi...
Fetching weather for Kolkata...
Fetching weather for Pune...
Fetching weather for Ahmedabad...
Connection successful.
3264 hourly records loaded successfully.
Connection successful.
Current weather loaded successfully.
Connection successful.
Current weather loaded successfully.
Connection successful.
Current weather loaded successfully.
Connection successful.
Current weather loaded successfully.
Connection successful.
Current weather loaded successfully.
Connection successful.
Current weather loaded successfully.
Connection successful.
Current weather loaded successfully.
Connection successful.
Current weather loaded successfully.
ETL pipeline completed successfully.
