2026-08-29 17:36:19,306 - INFO - data.csv file was uploaded
2026-08-29 17:36:22,302 - INFO - data.csv file was uploaded
2026-08-29 17:36:23,147 - INFO - data.csv is analysed
2026-08-29 17:36:25,866 - INFO - data.csv is analysed
2026-08-29 17:36:28,285 - INFO - data.csv is mapped to databse table 
2026-08-29 17:36:32,283 - INFO - data.csv is mapped to databse table 
2026-08-29 17:36:32,744 - INFO - data.csv is mapped to databse table 
2026-08-29 17:36:33,456 - INFO - data.csv is mapped to databse table 
2026-08-29 17:36:33,915 - INFO - data.csv is mapped to databse table 
2026-08-29 17:36:39,226 - INFO - data.csv is mapped to databse table airport
2026-08-29 17:36:42,078 - INFO - data.csv is mapped to databse table airport
2026-08-29 17:36:51,997 - INFO - data.csv is mapped to databse table airport
2026-08-29 17:36:53,556 - INFO - data.csv is mapped to databse table airport
2026-08-29 17:37:08,168 - INFO - data.csv is mapped to databse table airport
2026-08-29 17:37:20,802 - INFO - data.csv is mapped to databse table airport
2026-08-29 17:37:28,565 - INFO - data.csv is mapped to databse table airport
2026-08-29 17:37:31,490 - INFO - data.csv is mapped to databse table airport
2026-08-29 17:37:34,712 - INFO - table airport is Dropped
2026-08-29 17:37:34,733 - INFO - table airport is Created
2026-08-29 17:37:36,599 - INFO - data.csv is Migrating to database
2026-08-29 17:37:37,868 - INFO - Batch 1 inserted successfully for file data.csv
2026-08-29 17:37:39,064 - INFO - Batch 2 inserted successfully for file data.csv
2026-08-29 17:37:40,104 - INFO - Batch 3 inserted successfully for file data.csv
2026-08-29 17:37:41,102 - INFO - Batch 4 inserted successfully for file data.csv
2026-08-29 17:37:42,330 - INFO - Batch 5 inserted successfully for file data.csv
2026-08-29 17:37:43,383 - INFO - Batch 6 inserted successfully for file data.csv
2026-08-29 17:37:44,530 - INFO - Batch 7 inserted successfully for file data.csv
2026-08-29 17:37:45,562 - INFO - Batch 8 inserted successfully for file data.csv
2026-08-29 17:37:46,660 - INFO - Batch 9 inserted successfully for file data.csv
2026-08-29 17:37:47,769 - INFO - Batch 10 inserted successfully for file data.csv
2026-08-29 17:37:48,799 - INFO - Batch 11 inserted successfully for file data.csv
2026-08-29 17:37:49,945 - INFO - Batch 12 inserted successfully for file data.csv
2026-08-29 17:37:51,105 - INFO - Batch 13 inserted successfully for file data.csv
2026-08-29 17:37:52,901 - INFO - data.csv is successfully saved into processed
2026-08-29 17:51:11,419 - INFO - data.csv file was uploaded
2026-08-29 17:52:57,522 - INFO - data.csv file was uploaded
2026-08-29 17:56:10,814 - INFO - data.csv file was uploaded
2026-08-29 17:58:53,298 - INFO - data.csv file was uploaded
2026-08-29 17:58:56,248 - INFO - data.csv file was uploaded
2026-08-29 17:58:56,965 - INFO - data.csv is analysed
2026-08-29 17:58:59,348 - INFO - data.csv is analysed
2026-08-29 17:59:02,566 - INFO - data.csv is cleaned
2026-08-29 17:59:04,900 - INFO - data.csv is mapped to databse table 
2026-08-29 17:59:08,214 - INFO - data.csv is mapped to databse table 
2026-08-29 17:59:08,712 - INFO - data.csv is mapped to databse table 
2026-08-29 17:59:09,276 - INFO - data.csv is mapped to databse table 
2026-08-29 17:59:09,672 - INFO - data.csv is mapped to databse table 
2026-08-29 17:59:14,281 - INFO - data.csv is mapped to databse table airport
2026-08-29 17:59:17,069 - INFO - data.csv is mapped to databse table airport
2026-08-29 17:59:20,639 - INFO - data.csv is mapped to databse table airport
2026-08-29 17:59:21,731 - INFO - data.csv is mapped to databse table airport
2026-08-29 17:59:30,447 - INFO - data.csv is mapped to databse table airport
2026-08-29 17:59:38,344 - INFO - data.csv is mapped to databse table airport
2026-08-29 17:59:39,780 - INFO - data.csv is mapped to databse table airport
2026-08-29 17:59:42,438 - INFO - data.csv is mapped to databse table airport
2026-08-29 17:59:44,524 - INFO - table airport is Dropped
2026-08-29 17:59:44,542 - INFO - table airport is Created
2026-08-29 17:59:46,386 - INFO - data.csv is Migrating to database
2026-08-29 17:59:47,415 - INFO - Batch 1 inserted successfully for file data.csv
2026-08-29 17:59:48,492 - INFO - Batch 2 inserted successfully for file data.csv
2026-08-29 17:59:49,427 - INFO - Batch 3 inserted successfully for file data.csv
2026-08-29 17:59:50,440 - INFO - Batch 4 inserted successfully for file data.csv
2026-08-29 17:59:51,377 - INFO - Batch 5 inserted successfully for file data.csv
2026-08-29 17:59:52,327 - INFO - Batch 6 inserted successfully for file data.csv
2026-08-29 17:59:53,394 - INFO - Batch 7 inserted successfully for file data.csv
2026-08-29 17:59:54,306 - INFO - Batch 8 inserted successfully for file data.csv
2026-08-29 17:59:55,208 - INFO - Batch 9 inserted successfully for file data.csv
2026-08-29 17:59:56,077 - INFO - Batch 10 inserted successfully for file data.csv
2026-08-29 17:59:57,022 - INFO - Batch 11 inserted successfully for file data.csv
2026-08-29 17:59:58,033 - INFO - Batch 12 inserted successfully for file data.csv
2026-08-29 17:59:59,064 - INFO - Batch 13 inserted successfully for file data.csv
2026-08-29 18:00:00,519 - INFO - data.csv is successfully saved into processed
2026-08-30 20:17:58,423 - INFO - data.csv file was uploaded
2026-08-30 20:18:00,679 - INFO - data.csv file was uploaded
2026-08-30 20:18:01,054 - INFO - data.csv is analysed
2026-08-30 20:18:21,240 - INFO - data.csv is analysed
2026-08-30 20:18:23,844 - INFO - data.csv is analysed
2026-08-30 20:18:40,559 - INFO - data.csv is cleaned
2026-08-30 20:18:42,431 - INFO - data.csv is mapped to databse table 
2026-08-30 20:18:45,406 - INFO - data.csv is mapped to databse table 
2026-08-30 20:18:46,022 - INFO - data.csv is mapped to databse table 
2026-08-30 20:18:46,574 - INFO - data.csv is mapped to databse table 
2026-08-30 20:18:48,152 - INFO - data.csv is mapped to databse table 
2026-08-30 20:19:24,907 - INFO - data.csv is mapped to databse table 
2026-08-30 20:19:31,268 - INFO - data.csv is mapped to databse table 
2026-08-30 20:19:31,912 - INFO - data.csv is mapped to databse table 
2026-08-30 20:19:32,407 - INFO - data.csv is mapped to databse table 
2026-08-30 20:19:33,070 - INFO - data.csv is mapped to databse table 
2026-08-30 20:19:38,882 - INFO - data.csv is mapped to databse table airport
2026-08-30 20:19:50,254 - INFO - data.csv is mapped to databse table airport
2026-08-30 20:19:54,827 - INFO - data.csv is mapped to databse table airport
2026-08-30 20:19:56,658 - INFO - data.csv is mapped to databse table airport
2026-08-30 20:19:58,857 - INFO - data.csv is mapped to databse table airport
2026-08-30 20:20:05,908 - INFO - data.csv is mapped to databse table airport
2026-08-30 20:20:10,193 - INFO - data.csv is mapped to databse table airport
2026-08-30 20:20:12,558 - INFO - data.csv is mapped to databse table airport
2026-08-30 20:20:16,897 - INFO - data.csv is mapped to databse table airport
2026-08-30 20:20:32,852 - INFO - table airport is Dropped
2026-08-30 20:20:32,868 - INFO - table airport is Created
2026-08-30 20:20:40,052 - INFO - table airport is Dropped
2026-08-30 20:20:40,063 - INFO - table airport is Created
2026-08-30 20:20:42,036 - INFO - data.csv is Migrating to database
2026-08-30 20:20:42,666 - INFO - Batch 1 inserted successfully for file data.csv
2026-08-30 20:20:43,286 - INFO - Batch 2 inserted successfully for file data.csv
2026-08-30 20:20:43,937 - INFO - Batch 3 inserted successfully for file data.csv
2026-08-30 20:20:44,559 - INFO - Batch 4 inserted successfully for file data.csv
2026-08-30 20:20:45,211 - INFO - Batch 5 inserted successfully for file data.csv
2026-08-30 20:20:45,909 - INFO - Batch 6 inserted successfully for file data.csv
2026-08-30 20:20:46,540 - INFO - Batch 7 inserted successfully for file data.csv
2026-08-30 20:20:47,237 - INFO - Batch 8 inserted successfully for file data.csv
2026-08-30 20:20:48,123 - INFO - Batch 9 inserted successfully for file data.csv
2026-08-30 20:20:48,771 - INFO - Batch 10 inserted successfully for file data.csv
2026-08-30 20:20:49,443 - INFO - Batch 11 inserted successfully for file data.csv
2026-08-30 20:20:50,142 - INFO - Batch 12 inserted successfully for file data.csv
2026-08-30 20:20:50,841 - INFO - Batch 13 inserted successfully for file data.csv
2026-08-30 20:20:51,835 - INFO - data.csv is successfully saved into processed
2026-08-30 20:25:30,041 - INFO - data.csv file was uploaded
2026-08-30 20:26:06,289 - INFO - data.csv file was uploaded
2026-08-30 20:26:08,680 - INFO - data.csv file was uploaded
2026-08-30 20:26:09,091 - INFO - data.csv is analysed
2026-08-30 20:26:23,396 - INFO - data.csv is analysed
2026-08-30 20:26:25,672 - INFO - data.csv is cleaned
2026-08-30 20:26:27,696 - INFO - data.csv is mapped to databse table 
2026-08-30 20:26:29,742 - INFO - data.csv is mapped to databse table 
2026-08-30 20:26:30,078 - INFO - data.csv is mapped to databse table 
2026-08-30 20:26:30,528 - INFO - data.csv is mapped to databse table 
2026-08-30 20:26:31,075 - INFO - data.csv is mapped to databse table 
2026-08-30 20:26:35,433 - INFO - data.csv is mapped to databse table airport
2026-08-30 20:26:39,648 - INFO - data.csv is mapped to databse table airport
2026-08-30 20:26:46,524 - INFO - data.csv is mapped to databse table airport
2026-08-30 20:26:48,396 - INFO - data.csv is mapped to databse table airport
2026-08-30 20:26:55,432 - INFO - data.csv is mapped to databse table airport
2026-08-30 20:27:06,887 - INFO - data.csv is mapped to databse table airport
2026-08-30 20:27:07,773 - INFO - data.csv is mapped to databse table airport
2026-08-30 20:27:10,822 - INFO - data.csv is mapped to databse table airport
2026-08-30 20:27:12,649 - INFO - table airport is Dropped
2026-08-30 20:27:12,663 - INFO - table airport is Created
2026-08-30 20:27:14,412 - INFO - data.csv is Migrating to database
2026-08-30 20:27:15,019 - INFO - Batch 1 inserted successfully for file data.csv
2026-08-30 20:27:15,647 - INFO - Batch 2 inserted successfully for file data.csv
2026-08-30 20:27:16,282 - INFO - Batch 3 inserted successfully for file data.csv
2026-08-30 20:27:16,899 - INFO - Batch 4 inserted successfully for file data.csv
2026-08-30 20:27:17,559 - INFO - Batch 5 inserted successfully for file data.csv
2026-08-30 20:27:18,219 - INFO - Batch 6 inserted successfully for file data.csv
2026-08-30 20:27:18,917 - INFO - Batch 7 inserted successfully for file data.csv
2026-08-30 20:27:19,552 - INFO - Batch 8 inserted successfully for file data.csv
2026-08-30 20:27:20,144 - INFO - Batch 9 inserted successfully for file data.csv
2026-08-30 20:27:20,766 - INFO - Batch 10 inserted successfully for file data.csv
2026-08-30 20:27:21,437 - INFO - Batch 11 inserted successfully for file data.csv
2026-08-30 20:27:22,130 - INFO - Batch 12 inserted successfully for file data.csv
2026-08-30 20:27:22,903 - INFO - Batch 13 inserted successfully for file data.csv
2026-08-30 20:27:23,918 - INFO - data.csv is successfully saved into processed
2026-08-31 09:04:08,944 - INFO - data.csv file was uploaded
2026-08-31 09:04:46,043 - INFO - data.csv file was uploaded
2026-08-31 09:04:48,636 - INFO - data.csv file was uploaded
2026-08-31 09:04:49,260 - INFO - data.csv is analysed
2026-08-31 09:05:39,184 - INFO - data.csv is analysed
2026-08-31 09:05:53,838 - INFO - data.csv is analysed
2026-08-31 09:06:13,434 - INFO - data.csv is analysed
2026-08-31 09:06:26,769 - INFO - data.csv is analysed
2026-08-31 09:06:40,077 - INFO - data.csv file was uploaded
2026-08-31 09:06:42,698 - INFO - data.csv file was uploaded
2026-08-31 09:06:43,391 - INFO - data.csv is analysed
2026-08-31 09:06:45,586 - INFO - data.csv is analysed
2026-08-31 09:06:48,189 - INFO - data.csv is cleaned
2026-08-31 09:06:50,306 - INFO - data.csv is mapped to databse table 
2026-08-31 09:06:56,476 - INFO - data.csv is mapped to databse table 
2026-08-31 09:06:57,293 - INFO - data.csv is mapped to databse table 
2026-08-31 09:06:57,775 - INFO - data.csv is mapped to databse table 
2026-08-31 09:06:58,550 - INFO - data.csv is mapped to databse table 
2026-08-31 09:07:04,615 - INFO - data.csv is mapped to databse table airport
2026-08-31 09:07:09,351 - INFO - data.csv is mapped to databse table airport
2026-08-31 09:07:13,541 - INFO - data.csv is mapped to databse table airport
2026-08-31 09:07:17,565 - INFO - data.csv is mapped to databse table airport
2026-08-31 09:07:26,748 - INFO - data.csv is mapped to databse table airport
2026-08-31 09:07:59,769 - INFO - data.csv is mapped to databse table airport
2026-08-31 09:08:00,855 - INFO - data.csv is mapped to databse table airport
2026-08-31 09:08:03,810 - INFO - data.csv is mapped to databse table airport
2026-08-31 09:08:05,910 - INFO - table airport is Dropped
2026-08-31 09:08:05,953 - INFO - table airport is Created
2026-08-31 09:08:07,514 - INFO - data.csv is Migrating to database
2026-08-31 09:08:08,470 - INFO - Batch 1 inserted successfully for file data.csv
2026-08-31 09:08:09,344 - INFO - Batch 2 inserted successfully for file data.csv
2026-08-31 09:08:10,088 - INFO - Batch 3 inserted successfully for file data.csv
2026-08-31 09:08:10,888 - INFO - Batch 4 inserted successfully for file data.csv
2026-08-31 09:08:11,705 - INFO - Batch 5 inserted successfully for file data.csv
2026-08-31 09:08:12,585 - INFO - Batch 6 inserted successfully for file data.csv
2026-08-31 09:08:13,361 - INFO - Batch 7 inserted successfully for file data.csv
2026-08-31 09:08:14,145 - INFO - Batch 8 inserted successfully for file data.csv
2026-08-31 09:08:14,960 - INFO - Batch 9 inserted successfully for file data.csv
2026-08-31 09:08:15,731 - INFO - Batch 10 inserted successfully for file data.csv
2026-08-31 09:08:16,488 - INFO - Batch 11 inserted successfully for file data.csv
2026-08-31 09:08:17,281 - INFO - Batch 12 inserted successfully for file data.csv
2026-08-31 09:08:18,075 - INFO - Batch 13 inserted successfully for file data.csv
2026-08-31 09:08:19,262 - INFO - data.csv is successfully saved into processed
2026-08-31 09:11:24,195 - INFO - data.csv file was uploaded
2026-08-31 09:11:27,731 - INFO - data.csv file was uploaded
2026-08-31 09:11:28,344 - INFO - data.csv is analysed
2026-08-31 09:12:28,066 - INFO - data.csv is analysed
2026-08-31 09:12:30,846 - INFO - data.csv is analysed
2026-08-31 09:12:33,312 - INFO - data.csv is cleaned
2026-08-31 09:12:36,490 - INFO - data.csv is mapped to databse table 
2026-08-31 09:30:12,428 - INFO - data.csv file was uploaded
2026-08-31 09:31:07,013 - INFO - data.csv file was uploaded
2026-08-31 09:32:55,290 - INFO - data.csv file was uploaded
2026-08-31 09:34:49,490 - INFO - data.csv file was uploaded
2026-08-31 09:38:01,459 - INFO - data.csv file was uploaded
2026-08-31 09:38:04,262 - INFO - data.csv file was uploaded
2026-08-31 09:38:04,858 - INFO - data.csv is analysed
2026-08-31 09:38:07,925 - INFO - data.csv is analysed
2026-08-31 09:38:10,327 - INFO - data.csv is cleaned
2026-08-31 09:38:32,488 - INFO - data.csv is cleaned
2026-08-31 09:38:35,558 - INFO - data.csv is mapped to databse table 
2026-08-31 09:39:08,981 - INFO - data.csv is mapped to databse table 
2026-08-31 09:39:11,321 - INFO - data.csv is mapped to databse table 
2026-08-31 09:39:14,107 - INFO - data.csv is mapped to databse table 
2026-08-31 09:39:14,950 - INFO - data.csv is mapped to databse table 
2026-08-31 09:39:15,552 - INFO - data.csv is mapped to databse table 
2026-08-31 09:39:16,841 - INFO - data.csv is mapped to databse table 
2026-08-31 09:39:28,153 - INFO - data.csv is mapped to databse table airport
2026-08-31 09:39:31,506 - INFO - data.csv is mapped to databse table airport
2026-08-31 09:39:35,408 - INFO - data.csv is mapped to databse table airport
2026-08-31 09:39:36,829 - INFO - data.csv is mapped to databse table airport
2026-08-31 09:39:43,023 - INFO - data.csv is mapped to databse table airport
2026-08-31 09:39:48,294 - INFO - data.csv is mapped to databse table airport
2026-08-31 09:39:48,950 - INFO - data.csv is mapped to databse table airport
2026-08-31 09:39:54,183 - INFO - data.csv is mapped to databse table 
2026-08-31 09:39:59,535 - INFO - data.csv is mapped to databse table 
2026-08-31 09:40:01,579 - INFO - data.csv is mapped to databse table 
2026-08-31 09:40:02,941 - INFO - data.csv is mapped to databse table 
2026-08-31 09:40:04,863 - INFO - data.csv is mapped to databse table 
2026-08-31 09:40:07,148 - INFO - data.csv is mapped to databse table 
2026-08-31 09:40:07,682 - INFO - data.csv is mapped to databse table 
2026-08-31 09:40:08,406 - INFO - data.csv is mapped to databse table 
2026-08-31 09:40:14,523 - INFO - data.csv is mapped to databse table airport
2026-08-31 09:40:22,227 - INFO - data.csv is mapped to databse table airport
2026-08-31 09:40:26,525 - INFO - data.csv is mapped to databse table airport
2026-08-31 09:40:27,397 - INFO - data.csv is mapped to databse table airport
2026-08-31 09:40:34,941 - INFO - data.csv is mapped to databse table airport
2026-08-31 09:40:43,850 - INFO - data.csv is mapped to databse table airport
2026-08-31 09:40:46,548 - INFO - data.csv is mapped to databse table airport
2026-08-31 09:40:58,104 - INFO - data.csv is mapped to databse table airport
2026-08-31 09:41:02,533 - INFO - data.csv is mapped to databse table airport
2026-08-31 09:41:03,066 - INFO - data.csv is mapped to databse table airport
2026-08-31 09:41:05,766 - INFO - data.csv is mapped to databse table airport
2026-08-31 09:41:16,022 - INFO - table airport is Dropped
2026-08-31 09:41:16,053 - INFO - table airport is Created
2026-08-31 09:41:23,708 - INFO - table airport is Dropped
2026-08-31 09:41:23,750 - INFO - table airport is Created
2026-08-31 09:41:25,328 - INFO - data.csv is Migrating to database
2026-08-31 09:41:26,324 - INFO - Batch 1 inserted successfully for file data.csv
2026-08-31 09:41:27,267 - INFO - Batch 2 inserted successfully for file data.csv
2026-08-31 09:41:28,468 - INFO - Batch 3 inserted successfully for file data.csv
2026-08-31 09:41:29,365 - INFO - Batch 4 inserted successfully for file data.csv
2026-08-31 09:41:30,310 - INFO - Batch 5 inserted successfully for file data.csv
2026-08-31 09:41:31,172 - INFO - Batch 6 inserted successfully for file data.csv
2026-08-31 09:41:32,061 - INFO - Batch 7 inserted successfully for file data.csv
2026-08-31 09:41:32,920 - INFO - Batch 8 inserted successfully for file data.csv
2026-08-31 09:41:33,787 - INFO - Batch 9 inserted successfully for file data.csv
2026-08-31 09:41:34,702 - INFO - Batch 10 inserted successfully for file data.csv
2026-08-31 09:41:35,743 - INFO - Batch 11 inserted successfully for file data.csv
2026-08-31 09:41:36,623 - INFO - Batch 12 inserted successfully for file data.csv
2026-08-31 09:41:37,561 - INFO - Batch 13 inserted successfully for file data.csv
2026-08-31 09:41:39,187 - INFO - data.csv is successfully saved into processed
2026-08-31 10:14:23,174 - INFO - data.csv file was uploaded
2026-08-31 10:14:26,174 - INFO - data.csv file was uploaded
2026-08-31 10:14:26,787 - INFO - data.csv is analysed
2026-08-31 10:57:35,392 - INFO - data.csv file was uploaded
2026-08-31 10:57:37,935 - INFO - data.csv file was uploaded
2026-08-31 10:57:38,609 - INFO - data.csv is analysed
2026-08-31 10:58:12,478 - INFO - data.csv is analysed
2026-08-31 10:58:16,121 - INFO - data.csv is cleaned
2026-08-31 10:58:19,382 - INFO - data.csv is mapped to databse table 
2026-08-31 10:58:28,198 - INFO - data.csv is mapped to databse table 
2026-08-31 11:40:45,778 - INFO - data.csv file was uploaded
2026-08-31 11:40:56,909 - INFO - data.csv file was uploaded
2026-08-31 11:40:57,494 - INFO - data.csv is analysed
2026-08-31 11:41:23,397 - INFO - data.csv is analysed
2026-08-31 11:41:38,437 - INFO - data.csv is cleaned
2026-08-31 11:41:53,037 - INFO - data.csv is mapped to databse table 
2026-08-31 11:42:01,348 - INFO - data.csv is mapped to databse table 
2026-08-31 11:42:02,101 - INFO - data.csv is mapped to databse table 
2026-08-31 11:42:02,692 - INFO - data.csv is mapped to databse table 
2026-08-31 11:42:03,259 - INFO - data.csv is mapped to databse table 
2026-08-31 11:42:23,308 - INFO - data.csv is mapped to databse table airport
2026-08-31 11:42:31,614 - INFO - data.csv is mapped to databse table airport
2026-08-31 11:42:39,182 - INFO - data.csv is mapped to databse table airport
2026-08-31 11:42:39,822 - INFO - data.csv is mapped to databse table airport
2026-08-31 11:42:48,532 - INFO - data.csv is mapped to databse table airport
2026-08-31 11:42:52,103 - INFO - data.csv is mapped to databse table airport
2026-08-31 11:42:53,111 - INFO - data.csv is mapped to databse table airport
2026-08-31 11:43:00,573 - INFO - data.csv is mapped to databse table airport
2026-08-31 11:43:02,632 - INFO - table airport is Dropped
2026-08-31 11:43:02,654 - INFO - table airport is Created
2026-08-31 11:43:09,413 - INFO - data.csv is Migrating to database
2026-08-31 11:43:10,296 - INFO - Batch 1 inserted successfully for file data.csv
2026-08-31 11:43:11,186 - INFO - Batch 2 inserted successfully for file data.csv
2026-08-31 11:43:11,985 - INFO - Batch 3 inserted successfully for file data.csv
2026-08-31 11:43:12,811 - INFO - Batch 4 inserted successfully for file data.csv
2026-08-31 11:43:13,819 - INFO - Batch 5 inserted successfully for file data.csv
2026-08-31 11:43:14,636 - INFO - Batch 6 inserted successfully for file data.csv
2026-08-31 11:43:15,375 - INFO - Batch 7 inserted successfully for file data.csv
2026-08-31 11:43:16,194 - INFO - Batch 8 inserted successfully for file data.csv
2026-08-31 11:43:16,990 - INFO - Batch 9 inserted successfully for file data.csv
2026-08-31 11:43:17,768 - INFO - Batch 10 inserted successfully for file data.csv
2026-08-31 11:43:18,536 - INFO - Batch 11 inserted successfully for file data.csv
2026-08-31 11:43:19,315 - INFO - Batch 12 inserted successfully for file data.csv
2026-08-31 11:43:20,114 - INFO - Batch 13 inserted successfully for file data.csv
2026-08-31 11:43:21,362 - INFO - data.csv is successfully saved into processed
2026-09-01 16:24:26,865 - INFO - data.csv file was uploaded
2026-09-01 16:24:29,974 - INFO - data.csv file was uploaded
2026-09-01 16:24:30,680 - INFO - data.csv is analysed
2026-09-01 16:24:42,116 - INFO - data.csv is analysed
2026-09-01 16:24:44,118 - INFO - data.csv is cleaned
2026-09-01 16:24:47,037 - INFO - data.csv is mapped to databse table 
2026-09-01 16:24:51,528 - INFO - data.csv is mapped to databse table 
2026-09-01 16:24:52,403 - INFO - data.csv is mapped to databse table 
2026-09-01 16:24:52,680 - INFO - data.csv is mapped to databse table 
2026-09-01 16:24:53,512 - INFO - data.csv is mapped to databse table 
2026-09-01 16:24:59,551 - INFO - data.csv is mapped to databse table airport
2026-09-01 16:25:03,857 - INFO - data.csv is mapped to databse table airport
2026-09-01 16:25:07,848 - INFO - data.csv is mapped to databse table airport
2026-09-01 16:25:10,350 - INFO - data.csv is mapped to databse table airport
2026-09-01 16:25:23,144 - INFO - data.csv is mapped to databse table airport
2026-09-01 16:25:27,361 - INFO - data.csv is mapped to databse table airport
2026-09-01 16:25:30,321 - INFO - data.csv is mapped to databse table airport
2026-09-01 16:25:32,264 - INFO - data.csv is mapped to databse table airport
2026-09-01 16:25:34,278 - INFO - table airport is Dropped
2026-09-01 16:25:34,317 - INFO - table airport is Created
2026-09-01 16:25:36,579 - INFO - data.csv is Migrating to database
2026-09-01 16:25:37,462 - INFO - Batch 1 inserted successfully for file data.csv
2026-09-01 16:25:38,365 - INFO - Batch 2 inserted successfully for file data.csv
2026-09-01 16:25:39,190 - INFO - Batch 3 inserted successfully for file data.csv
2026-09-01 16:25:39,983 - INFO - Batch 4 inserted successfully for file data.csv
2026-09-01 16:25:40,777 - INFO - Batch 5 inserted successfully for file data.csv
2026-09-01 16:25:41,560 - INFO - Batch 6 inserted successfully for file data.csv
2026-09-01 16:25:42,382 - INFO - Batch 7 inserted successfully for file data.csv
2026-09-01 16:25:43,222 - INFO - Batch 8 inserted successfully for file data.csv
2026-09-01 16:25:43,987 - INFO - Batch 9 inserted successfully for file data.csv
2026-09-01 16:25:44,734 - INFO - Batch 10 inserted successfully for file data.csv
2026-09-01 16:25:45,491 - INFO - Batch 11 inserted successfully for file data.csv
2026-09-01 16:25:46,374 - INFO - Batch 12 inserted successfully for file data.csv
2026-09-01 16:25:47,156 - INFO - Batch 13 inserted successfully for file data.csv
2026-09-01 16:25:48,396 - INFO - data.csv is successfully saved into processed
2026-09-01 16:26:26,901 - INFO - data.csv file was uploaded
2026-09-01 16:26:29,187 - INFO - data.csv file was uploaded
2026-09-01 16:26:29,895 - INFO - data.csv is analysed
2026-09-01 16:28:04,410 - INFO - data.csv is analysed
2026-09-01 16:28:09,260 - INFO - data.csv is analysed
2026-09-01 16:28:14,928 - INFO - data.csv file was uploaded
2026-09-01 16:29:03,172 - INFO - data.csv file was uploaded
